---
source: src/task/flv/test.rs
expression: uncolorize(invalid_v1)
---

  mode: eventual
  state_provider: "The value cannot be set because the mode is 'eventual'"
  etcd2_params: "The value cannot be set because the mode is 'eventual'"
