---
source: src/task/flv/test.rs
expression: uncolorize(invalid_v1)
---

  mode: stateful
  state_provider: "The value cannot be null because mode is stateful"
