---
source: src/task/flv/test.rs
expression: uncolorize(invalid_v1)
---

  mode: stateful
  state_provider: etcd2
  etcd2_params: "It is forbidden to specify both types of stateful failovers at the same time"
  stateboard_params: "It is forbidden to specify both types of stateful failovers at the same time"
