---
source: src/task/flv/test.rs
expression: uncolorize(invalid_v1)
---

  mode: "The Mode cannot be 'stateful' because no parameters are set for any of the failover providers"
