---
source: src/task/flv/test.rs
expression: uncolorize(invalid_v1)
---

  mode: "Unknown failover mode 'picomod'"
